[INFO] 2026-02-08 15:25:41,200 Got request
[INFO] 2026-02-08 15:25:41,201 2
[INFO] 2026-02-08 15:25:41,251 Sending response
[INFO] 2026-02-08 15:25:41,251 Delay 0.050875186920166016
[INFO] 2026-02-08 15:25:52,068 Got request
[INFO] 2026-02-08 15:25:52,068 2
[INFO] 2026-02-08 15:25:52,076 Sending response
[INFO] 2026-02-08 15:25:52,077 Delay 0.008640766143798828
[INFO] 2026-02-08 15:27:13,548 Run server
[INFO] 2026-02-08 15:27:17,250 Run server
[INFO] 2026-02-08 15:27:17,439 Got request
[INFO] 2026-02-08 15:27:17,497 Sending response
[INFO] 2026-02-08 15:27:17,498 Delay 0.05866742134094238
[INFO] 2026-02-08 15:27:36,486 Got request
[INFO] 2026-02-08 15:27:37,729 New user 3registered
[INFO] 2026-02-08 15:27:37,729 Sending response
[INFO] 2026-02-08 15:27:37,729 Delay 1.2428452968597412
[INFO] 2026-02-08 15:27:37,746 Got request
[INFO] 2026-02-08 15:27:37,759 Sending response
[INFO] 2026-02-08 15:27:37,760 Delay 0.013546943664550781
[INFO] 2026-02-08 15:28:08,362 Run server
[INFO] 2026-02-08 15:28:37,024 Run server
[INFO] 2026-02-08 15:30:10,879 Run server
[INFO] 2026-02-08 15:32:21,644 Run server
[INFO] 2026-02-08 15:32:25,648 Got request
[INFO] 2026-02-08 15:32:25,992 Sending response
[INFO] 2026-02-08 15:32:25,993 Delay 0.34436893463134766
[INFO] 2026-02-08 15:32:27,045 Got request
[INFO] 2026-02-08 15:32:27,058 Sending response
[INFO] 2026-02-08 15:32:27,059 Delay 0.01376795768737793
[INFO] 2026-02-08 15:32:27,123 Got request
[INFO] 2026-02-08 15:32:27,150 Sending response
[INFO] 2026-02-08 15:32:27,151 Delay 0.027692079544067383
[INFO] 2026-02-08 15:33:11,173 Run server
[INFO] 2026-02-08 15:34:05,336 Run server
[INFO] 2026-02-08 15:34:06,427 Got request
[INFO] 2026-02-08 15:34:06,599 Sending response
[INFO] 2026-02-08 15:34:06,599 Delay 0.1709294319152832
[INFO] 2026-02-08 15:34:08,712 Got request
[INFO] 2026-02-08 15:34:08,777 Sending response
[INFO] 2026-02-08 15:34:08,778 Delay 0.06527090072631836
[INFO] 2026-02-08 15:34:09,889 Got request
[INFO] 2026-02-08 15:34:10,020 Sending response
[INFO] 2026-02-08 15:34:10,021 Delay 0.13109660148620605
[INFO] 2026-02-08 15:34:50,510 Run server
[INFO] 2026-02-08 15:34:52,456 Got request
[INFO] 2026-02-08 15:34:52,801 Sending response
[INFO] 2026-02-08 15:34:52,802 Delay 0.3448367118835449
[INFO] 2026-02-08 15:36:45,113 Run server
[INFO] 2026-02-08 15:36:59,051 Got request
[INFO] 2026-02-08 15:36:59,175 Sending response
[INFO] 2026-02-08 15:36:59,175 Delay 0.12325215339660645
[INFO] 2026-02-08 15:37:23,080 Run server
[INFO] 2026-02-08 15:37:23,393 Got request
[INFO] 2026-02-08 15:37:23,621 User : [2] added to cart 2
[INFO] 2026-02-08 15:37:23,622 Sending response
[INFO] 2026-02-08 15:37:23,622 Delay 0.2281038761138916
[INFO] 2026-02-08 15:37:23,714 Got request
[INFO] 2026-02-08 15:37:23,757 Sending response
[INFO] 2026-02-08 15:37:23,757 Delay 0.04288220405578613
[INFO] 2026-02-08 15:37:35,447 Got request
[INFO] 2026-02-08 15:37:35,463 User : [2] added to cart 2
[INFO] 2026-02-08 15:37:35,464 Sending response
[INFO] 2026-02-08 15:37:35,464 Delay 0.0165407657623291
[INFO] 2026-02-08 15:37:35,529 Got request
[INFO] 2026-02-08 15:37:35,555 Sending response
[INFO] 2026-02-08 15:37:35,555 Delay 0.025713205337524414
[INFO] 2026-02-08 15:38:07,289 Got request
[INFO] 2026-02-08 15:38:07,307 User : [2] added to cart 2
[INFO] 2026-02-08 15:38:07,308 Sending response
[INFO] 2026-02-08 15:38:07,309 Delay 0.019542217254638672
[INFO] 2026-02-08 15:38:07,378 Got request
[INFO] 2026-02-08 15:38:07,403 Sending response
[INFO] 2026-02-08 15:38:07,403 Delay 0.024332761764526367
[INFO] 2026-02-08 15:38:27,848 Got request
[INFO] 2026-02-08 15:38:27,875 Sending response
[INFO] 2026-02-08 15:38:27,876 Delay 0.027146339416503906
[INFO] 2026-02-08 15:38:37,161 Got request
[INFO] 2026-02-08 15:38:37,194 Sending response
[INFO] 2026-02-08 15:38:37,194 Delay 0.0326991081237793
[INFO] 2026-02-08 15:38:45,149 Got request
[INFO] 2026-02-08 15:38:45,177 Sending response
[INFO] 2026-02-08 15:38:45,177 Delay 0.027229785919189453
[INFO] 2026-02-08 15:38:50,228 Got request
[INFO] 2026-02-08 15:38:50,280 Sending response
[INFO] 2026-02-08 15:38:50,280 Delay 0.0517115592956543
[INFO] 2026-02-08 15:38:51,382 Got request
[INFO] 2026-02-08 15:38:51,398 User : [2, 4] added to cart 4
[INFO] 2026-02-08 15:38:51,399 Sending response
[INFO] 2026-02-08 15:38:51,400 Delay 0.016925573348999023
[INFO] 2026-02-08 15:38:51,464 Got request
[INFO] 2026-02-08 15:38:51,488 Sending response
[INFO] 2026-02-08 15:38:51,488 Delay 0.02370929718017578
[INFO] 2026-02-08 15:39:47,864 Run server
[INFO] 2026-02-08 15:39:51,636 Got request
[INFO] 2026-02-08 15:39:51,841 Sending response
[INFO] 2026-02-08 15:39:51,841 Delay 0.20463848114013672
[INFO] 2026-02-08 15:39:58,852 Got request
[INFO] 2026-02-08 15:39:58,872 User : [2, 4] added to cart 4
[INFO] 2026-02-08 15:39:58,873 Sending response
[INFO] 2026-02-08 15:39:58,874 Delay 0.020787954330444336
[INFO] 2026-02-08 15:39:58,937 Got request
[INFO] 2026-02-08 15:39:58,963 Sending response
[INFO] 2026-02-08 15:39:58,963 Delay 0.02567148208618164
[INFO] 2026-02-08 15:40:09,210 Got request
[INFO] 2026-02-08 15:40:09,283 Sending response
[INFO] 2026-02-08 15:40:09,284 Delay 0.07373285293579102
[INFO] 2026-02-08 15:40:11,113 Got request
[INFO] 2026-02-08 15:40:11,152 Sending response
[INFO] 2026-02-08 15:40:11,153 Delay 0.0385746955871582
[INFO] 2026-02-08 15:40:12,343 Got request
[INFO] 2026-02-08 15:40:12,360 User : [2, 4, 5] added to cart 5
[INFO] 2026-02-08 15:40:12,361 Sending response
[INFO] 2026-02-08 15:40:12,362 Delay 0.018387794494628906
[INFO] 2026-02-08 15:40:12,437 Got request
[INFO] 2026-02-08 15:40:12,470 Sending response
[INFO] 2026-02-08 15:40:12,470 Delay 0.033222198486328125
[INFO] 2026-02-08 15:40:43,927 Got request
[INFO] 2026-02-08 15:40:43,954 Sending response
[INFO] 2026-02-08 15:40:43,955 Delay 0.027701854705810547
[INFO] 2026-02-08 15:40:56,949 Got request
[INFO] 2026-02-08 15:40:56,968 User : [2, 4, 5] added to cart 5
[INFO] 2026-02-08 15:40:56,969 Sending response
[INFO] 2026-02-08 15:40:56,970 Delay 0.020067214965820312
[INFO] 2026-02-08 15:40:57,048 Got request
[INFO] 2026-02-08 15:40:57,075 Sending response
[INFO] 2026-02-08 15:40:57,075 Delay 0.026949405670166016
[INFO] 2026-02-08 15:41:33,355 Run server
[INFO] 2026-02-08 15:41:35,512 Got request
[INFO] 2026-02-08 15:41:35,770 Sending response
[INFO] 2026-02-08 15:41:35,771 Delay 0.25847959518432617
[INFO] 2026-02-08 15:41:36,864 Got request
[INFO] 2026-02-08 15:41:36,926 Sending response
[INFO] 2026-02-08 15:41:36,927 Delay 0.062361717224121094
[INFO] 2026-02-08 15:41:38,094 Got request
[INFO] 2026-02-08 15:41:38,107 User : 3 added to cart [2, 4, 5]
[INFO] 2026-02-08 15:41:38,108 Sending response
[INFO] 2026-02-08 15:41:38,109 Delay 0.01381063461303711
[INFO] 2026-02-08 15:41:38,185 Got request
[INFO] 2026-02-08 15:41:38,223 Sending response
[INFO] 2026-02-08 15:41:38,224 Delay 0.038693904876708984
[INFO] 2026-02-08 15:43:36,213 Run server
[INFO] 2026-02-08 15:45:56,177 Got request
[INFO] 2026-02-08 15:45:56,376 Sending response
[INFO] 2026-02-08 15:45:56,377 Delay 0.19910192489624023
[INFO] 2026-02-08 15:45:56,461 Got request
[INFO] 2026-02-08 15:45:56,512 Sending response
[INFO] 2026-02-08 15:45:56,513 Delay 0.05156445503234863
[INFO] 2026-02-08 15:46:13,663 Got request
[INFO] 2026-02-08 15:46:13,680 Sending response
[INFO] 2026-02-08 15:46:13,680 Delay 0.01680612564086914
[INFO] 2026-02-08 15:46:13,760 Got request
[INFO] 2026-02-08 15:46:13,789 Sending response
[INFO] 2026-02-08 15:46:13,789 Delay 0.028435707092285156
[INFO] 2026-02-08 15:46:17,087 Got request
[INFO] 2026-02-08 15:46:17,148 Sending response
[INFO] 2026-02-08 15:46:17,148 Delay 0.06078839302062988
[INFO] 2026-02-08 15:46:19,150 Got request
[INFO] 2026-02-08 15:46:19,211 Sending response
[INFO] 2026-02-08 15:46:19,211 Delay 0.06050753593444824
[INFO] 2026-02-08 15:46:20,427 Got request
[INFO] 2026-02-08 15:46:20,441 User : 3 added to cart [2, 4, 5, 6]
[INFO] 2026-02-08 15:46:20,442 Sending response
[INFO] 2026-02-08 15:46:20,442 Delay 0.014991283416748047
[INFO] 2026-02-08 15:46:20,507 Got request
[INFO] 2026-02-08 15:46:20,530 Sending response
[INFO] 2026-02-08 15:46:20,531 Delay 0.02353811264038086
[INFO] 2026-02-08 15:47:41,305 Run server
[INFO] 2026-02-08 15:47:41,602 Got request
[INFO] 2026-02-08 15:47:41,774 User : 3 deleted from cart 6
[INFO] 2026-02-08 15:47:41,775 Sending response
[INFO] 2026-02-08 15:47:41,776 Delay 0.17279434204101562
[INFO] 2026-02-08 15:47:41,855 Got request
[INFO] 2026-02-08 15:47:41,908 Sending response
[INFO] 2026-02-08 15:47:41,908 Delay 0.052355051040649414
[INFO] 2026-02-08 15:50:08,321 Run server
[INFO] 2026-02-08 15:50:10,196 Got request
[INFO] 2026-02-08 15:50:10,465 Sending response
[INFO] 2026-02-08 15:50:10,465 Delay 0.26828503608703613
[INFO] 2026-02-08 15:50:11,919 Got request
[WARNING] 2026-02-08 15:50:11,961 User : 3 created an order 3
[INFO] 2026-02-08 15:50:12,572 Sending response
[INFO] 2026-02-08 15:50:12,572 Delay 0.6531126499176025
[INFO] 2026-02-08 15:50:12,642 Got request
[INFO] 2026-02-08 15:50:12,697 Sending response
[INFO] 2026-02-08 15:50:12,697 Delay 0.0548403263092041
